// Jest Snapshot v1, https://goo.gl/fbAQLP

exports[`Countdown component renders correctly 1`] = `
<div
  className="countdown"
>
  0
</div>
`;
